UAs    3 Rue Mazagran 64200 Biarritz | None None m²
UB     12 Avenue de la Gare 64200 Biarritz | AX 0460 1607 m²
UB     42 Avenue du Maréchal Joffre 64200 Biarritz | BN 0128 482 m²
UB     5 Avenue d'Etienne 64200 Biarritz | AC 0037 3555 m²
UBa    2 Rue Gradwold 64200 Biarritz | AI 0013 142 m²
UBa    1 Rue Harispe 64200 Biarritz | BN 0070 757 m²
UBa    5 Avenue Voltaire 64200 Biarritz | AK 0303 265 m²
UC     14 Rue Larivière 64200 Biarritz | AE 0450 393 m²
UC     39e Avenue de Coulaoun 64200 Biarritz | AL 0125 31809 m²
UC     9 Avenue des Chênes 64200 Biarritz | AE 0372 1127 m²
UD     43 Avenue du Maréchal Joffre 64200 Biarritz | BK 0072 2907 m²
UD     14 Avenue Notre-Dame 64200 Biarritz | BM 0227 610 m²
UD     11ter Avenue de la République 64200 Biarritz | BK 0405 1191 m²
UDa    9 Avenue de Chassin 64200 Biarritz | AI 0156 1576 m²
UDa    35B Rue de Madrid 64200 Biarritz | BR 0114 4287 m²
UDa    31 Avenue Larochefoucauld 64200 Biarritz | AD 0171 425 m²
UDa    12 Allée des 3 Fontaines 64200 Biarritz | AX 0591 598 m²
UDb    11 Allée du Fer à Cheval 64200 Biarritz | BK 0194 298 m²
UDb    5 Impasse Guine 64200 Biarritz | AA 0116 592 m²
UDc    1 Rue Haraout 64200 Biarritz | AK 0643 2141 m²
UG     36 Avenue Carnot 64200 Biarritz | BI 0083 350 m²
UG     12 Avenue Beaurivage 64200 Biarritz | BM 0233 3618 m²
UG     21 Rue de la Barthe 64200 Biarritz | AM 0060 6935 m²
UH     14E Rue de Larreguy 64200 Biarritz | AT 0117 19716 m²
UH     32b Rue Petricot 64200 Biarritz | BO 0015 30650 m²
UH     10 Avenue du Président JF Kennedy 64200 Biarritz | BK 0244 3666 m²
UY     7 Rue Luis Mariano 64200 Biarritz | AP 0060 3129 m²
UY     20 Avenue du Sabaou 64200 Biarritz | AK 0441 1533 m²
N      23 Avenue d'Ilbarritz 64200 Biarritz | BT 0041 6285 m²
N      54 Avenue de l'Impératrice 64200 Biarritz | AA 0008 2140 m²
Ncu    28 Rue de Minjongo 64200 Biarritz | BX 0011 71183 m²
Ncu    93 Avenue de Bidart 64200 Biarritz | BT 0047 614 m²
Nh     10 Impasse Orisson 64200 Biarritz | CL 0001 3980 m²
Nh     4 Rue Pierre de Chevigné 64200 Biarritz | BX 0012 14560 m²
Nh     5 Rue de Silhouette 64200 Biarritz | CE 0027 5053 m²
35 adresses
